1    /* region: SAS session initialization */
2    /*----------------------------------------------------------------------
3    /
4    / SASStudio initialization file for SAS
5    /
6    *----------------------------------------------------------------------*/
7    /* Get the Git version */
8    DATA _NULL_;
9      GITVERSION = GIT_VERSION();
10     CALL SYMPUT('_GITVERSION', GITVERSION);
11   RUN;

NOTE: Numeric values have been converted to character values at the places given by: (Line):(Column).
      10:30   
NOTE: Libgit2 version 1.8.4
NOTE: DATA statement used (Total process time):
      real time           0.01 seconds
      cpu time            0.00 seconds
      

12   
13   
14   %MACRO resolveHomeDirectory;
15   	%GLOBAL _USERHOME;
16   	%LOCAL _HOMEVAR;
17   
18   	%IF (&SYSSCP=WIN) %THEN
19   		%DO;
20   			%LET _HOMEVAR=USERPROFILE;
21   		%END;
22   	%ELSE
23   		%DO;
24   			%LET _HOMEVAR=HOME;
25   		%END;
26   
27   	%LET _USERHOME= %SYSFUNC(SYSGET(&_HOMEVAR));
28   
29   %MEND;
30   
31   %resolveHomeDirectory;
32   
33   %macro web_open_file(name,type);
34   %global _DATAOUT_NAME;
35   %global _DATAOUT_MIME_TYPE;
36   %let _DATAOUT_NAME=&name;
37   %let _DATAOUT_MIME_TYPE=&type;
38   %mend;
39   
40   %macro web_open_table(table);
41   %global _DATAOUT_TABLE;
3                                                          The SAS System                       Thursday, March 12, 2026 07:02:00 PM

42   %if %length(&_dataout_table)=0 %then %let _DATAOUT_TABLE=&table;
43   %else %let _DATAOUT_TABLE=&_DATAOUT_TABLE,&table;
44   %mend;
45   
46   %macro web_open_url(url);
47   %global _DATAOUT_URL;
48   %let _DATAOUT_URL=&url;
49   %mend;
50   
51   %macro sgdesign();
52   %put ERROR: SGDesigner macro can not be invoked from SAS Studio.;
53   %mend;
54   
55   %macro sgedit();
56   %put ERROR: SGEdit macro can not be invoked from SAS Studio.;
57   %mend;
58   
59   %macro web_list_entries(catalog,type);
60   
61   %let typearg=;
62   %let type=%upcase(&type);
63   %if &type^=_ALL_ and &type^=_all_ %then %let typearg= entrytype=&type;
64   
65   proc catalog catalog=&catalog &typearg;
66   contents;
67   title "Catalog Entries in &catalog";
68   run;
69   quit;
70   
71   %mend;
72   
73   %macro web_list_catalogs(library);
74       %let library=%upcase(&library);
75       proc sql ;
76           create table work.catalogs as select memname as Catalog, memtype as
77               Type, engine as Engine from sashelp.vmember where
78               libname="&library" and memtype="CATALOG";
79           run;
80           quit;
81           title "Catalogs in &library";
82   
83       proc print data=work.catalogs;
84       run;
85   %mend;
86   
87   %macro web_replay_grseg(catalog,entry);
88   proc greplay nofs igout=&catalog;
89   replay &entry;
90   run;
91   %mend;
92   
93   %macro sasstudio_get_zos_ds_info(DSN);
94   
95   OPTIONS FILESYSTEM=MVS;
96   
97   DATA work._sasstudio_dataset_info_;
98   
99     LENGTH XDSN $32000;
4                                                          The SAS System                       Thursday, March 12, 2026 07:02:00 PM

100    XDSN=ZDSLIST('CATLG', &DSN, XVOLS, '');
101  
102    LENGTH XNUM 8;
103    XNUM=ZDSNUM(XDSN);
104    LENGTH XIDNM $4096;
105    LENGTH XATTR $4096;
106    LENGTH XATTRC $72;
107    LENGTH XATTRN 8;
108    LENGTH attributeType $10;
109  
110    DO I=1 to XNUM;
111      XIDNM=ZDSIDNM(XDSN, I);
112      XATTR=ZDSATTR(XIDNM, 'ALL');
113      XATTRN=ZDSXATT(XATTR);
114  
115      do j=1 to xattrn;
116       XATTRC=ZDSYATT(XATTR, j);
117       blank_pos = index(xattrc," ");
118             key = substr(xattrc, blank_pos,99);
119             val= substr(xattrc,1,blank_pos);
120             pos = index(key, 'FILE ATTRIBUTES');
121             if (pos > 0) then do;
122                attributeType = 'FILE';
123             end;
124             else do;
125                 pos = index(key, 'VOLUME ATTRIBUTES');
126                 if (pos > 0) then do;
127                    attributeType = 'VOLUME';
128                 end;
129                 else do;
130                     pos = index(key, 'MIGRATED DATA SET ATTRIBUTES');
131                     if (pos > 0) then do;
132                        attributeType = 'MIGRATED';
133                     end;
134                     else do;
135                        pos = index(key, '*****');
136                     end;
137                 end;
138             end;
139             if (pos = 0) then do;
140                output;
141             end;
142             keep key val attributeType;
143      end;
144    END;
145   RUN;
146  %mend sasstudio_get_zos_ds_info;
147  
148  %macro show_zos_dataset_attributes(dsn);
149     %sasstudio_get_zos_ds_info(&dsn);
150  
151     data work._sasstudio_dataset_info_ds_;
152         set work._sasstudio_dataset_info_;
153  
154         if strip(val)='.' then do;
155             val='***NONE***';
156         end;
157  
5                                                          The SAS System                       Thursday, March 12, 2026 07:02:00 PM

158         position = index(attributeType, 'FILE');
159         if position > 0 then do;
160             output;
161         end;
162         drop position attributeType;
163     run;
164  
165     data work._sasstudio_dataset_info_vol_;
166         set work._sasstudio_dataset_info_;
167  
168         if strip(val)='.' then do;
169             val='***NONE***';
170         end;
171  
172         position = index(attributeType, 'VOLUME');
173         if position > 0 then do;
174             output;
175         end;
176         drop position attributeType;
177     run;
178  
179      proc print data=work._sasstudio_dataset_info_ds_ noobs label;
180      LABEL key='Dataset Attribute'  val='00'x;
181         title1 &dsn;
182      run;
183  
184      proc print data=work._sasstudio_dataset_info_vol_ noobs label;
185          title1;
186          LABEL key='Volume Attribute'  val='00'x;
187      run;
188  
189      proc delete data=work._sasstudio_dataset_info_
190      work._sasstudio_dataset_info_ds_
191      work._sasstudio_dataset_info_vol_;
192  
193  %mend;
194  
195  %macro validCasEnvironment( sessionName=, createSession=, returnCode=RC);
196  
197  /* This section is just to give information about the CAS connection */
198  %let CASHOST = %SYSFUNC(GETOPTION(CASHOST));
199  
200  %if (%LENGTH(&CASHOST)=0) %then %do;
201      %put CASHOST is not set;
202  %end; %else %do;
203      %put CASHOST is &CASHOST;
204  %end;
205  
206  %let CASPORT = %SYSFUNC(GETOPTION(CASPORT));
207  
208  %if (&CASPORT=0) %then %do;
209      %put CASPORT is not set;
210  %end; %else %do;
211      %put CASPORT is &CASPORT;
212  %end;
213  
214  %let CASHOST = %SYSFUNC(GETOPTION(_CASHOST_));
215  %if (%LENGTH(&CASHOST)=0) %then %do;
6                                                          The SAS System                       Thursday, March 12, 2026 07:02:00 PM

216      %put _CASHOST_ is not set;
217  %end; %else %do;
218      %put _CASHOST_ is &CASHOST;
219  %end;
220  
221  %let CASPORT = %SYSFUNC(GETOPTION(_CASPORT_));
222  
223  %if (%LENGTH(&CASPORT)=0) %then %do;
224      %put _CASPORT_ is not set;
225  %end; %else %do;
226      %put _CASPORT_ is &CASPORT;
227  %end;
228  
229  %let CASUSER = %SYSFUNC(GETOPTION(CASUSER));
230  
231  %if (%LENGTH(&CASUSER) = 0) %then %do;
232      %put CASUSER is not set;
233  %end; %else %do;
234      %put CASUSER is &CASUSER;
235  %end;
236  
237  
238  %if &sessionName = %then %do;
239      %let DEFAULTSESS= %SYSFUNC(GETOPTION(SESSREF));
240      %let SESSIONFOUND = %SYSFUNC(SESSFOUND(&DEFAULTSESS));
241      %if (&SESSIONFOUND = 0) %then %do;
242         %put Default session &DEFAULTSESS is not available.;
243         %let &returnCode=0;
244      %end;
245      %else %do;
246         %put Default session &DEFAULTSESS is available.;
247         %let &returnCode=3;
248      %end;
249  %end; %else %do;                                                /* Session name was specified */
250      %if &createSession = %then %do;                             /* createSession not specified */
251         %let SESSIONFOUND = %SYSFUNC(SESSFOUND(&sessionName));   /* Default to false (don't create) */
252         %if (&SESSIONFOUND = 0) %then %do;
253            %put Session &sessionName is not available.;
254            %let &returnCode=0;
255         %end;
256         %else %do;
257            %put Session &sessionName already exists.;
258            %let &returnCode=2;
259         %end;
260      %end;
261      %else %do;
262         %let SESSIONFOUND = %SYSFUNC(SESSFOUND(&sessionName));  /* Does session already exist? */
263         %if (&createSession = false) %then %do;                 /* User does not want to create it. */
264            %put createSession is false;
265            %if (&SESSIONFOUND = 0) %then %do;
266               %put Session &sessionName is not available.;      /* Tell user it does not exist. */
267               %let &returnCode=0;
268            %end;
269            %else %do;
270               %put Session &sessionName exists;
271               %let &returnCode = 2;
272            %end;
273         %end;
7                                                          The SAS System                       Thursday, March 12, 2026 07:02:00 PM

274         %else %do;
275           %put createSession is true;
276           %if (&SESSIONFOUND = 0) %then %do;                    /* Session does not exist, so create it */
277               cas &sessionName;
278               %let SESSIONFOUND = %SYSFUNC(SESSFOUND(&sessionName));
279               %if (&SESSIONFOUND = 0) %then %do;               /* Session created successfully */
280                   %let &returnCode=1;
281               %end;
282               %else %do;
283                   %let &returnCode=4;                          /* Session creation failed. */
284               %end;
285           %end;
286           %else %do;                                           /* Session already exists, so user cannot create it */
287               %put Session &sessionName already exists;
288               %let &returnCode=2;
289           %end;
290         %end;
291      %end;
292  %end;
293  
294  
295  %mend validCasEnvironment;
296  
297  /* This macro is used by code generated for Query nodes in an EG Process flow *
298  /* Conditionally delete set of tables or views, if they exists          */
299  /* If the member does not exist, then no action is performed   */
300  %macro _eg_conditional_dropds /parmbuff;
301  
302      %local num;
303      %local stepneeded;
304      %local stepstarted;
305      %local dsname;
306      %local name;
307  
308      %let num=1;
309      /* flags to determine whether a PROC SQL step is needed */
310      /* or even started yet                                  */
311      %let stepneeded=0;
312      %let stepstarted=0;
313      %let dsname= %qscan(&syspbuff,&num,',()');
314      %do %while(&dsname ne);
315          %let name = %sysfunc(left(&dsname));
316          %if %qsysfunc(exist(&name)) %then %do;
317              %let stepneeded=1;
318              %if (&stepstarted eq 0) %then %do;
319                  proc sql;
320                  %let stepstarted=1;
321  
322              %end;
323                  drop table &name;
324          %end;
325  
326          %if %sysfunc(exist(&name,view)) %then %do;
327              %let stepneeded=1;
328              %if (&stepstarted eq 0) %then %do;
329                  proc sql;
330                  %let stepstarted=1;
331              %end;
8                                                          The SAS System                       Thursday, March 12, 2026 07:02:00 PM

332                  drop view &name;
333          %end;
334          %let num=%eval(&num+1);
335          %let dsname=%qscan(&syspbuff,&num,',()');
336      %end;
337      %if &stepstarted %then %do;
338          quit;
339      %end;
340  %mend _eg_conditional_dropds;
341  
342  /* Given a fileref and a memname and memtype, we attempt to open the
343  member of the directory (catalog or file system directory). We
344  set &member_found to 1 if it can be opened, 0 if not. */
345  %macro _entry_exists(fileref,memname,memtype);
346  %global _macro_found;
347  %let _macro_found = 0;
348  data _null_;
349  *-----open the directory and proceed if it can be opened-----*;
350  handle = dopen("&fileref.");
351  if handle ne 0;
352  *-----open the member and set the macro variable based on result-----*;
353  mem_handle = mopen(handle,"&memname..&memtype.",'i');
354  call symputx('_macro_found',mem_handle ne 0);
355  *-----close the member if it were opened successfully-----*;
356  if mem_handle then rc = fclose(mem_handle);
357  *-----close the directory-----*;
358  rc = dclose(handle);
359  run;
360  %mend _entry_exists;
361  
362  /* Given a macro name, we determine if it has already been
363  compiled. We first look in work.sasmacr, then in the sasmacr
364  referenced by sasmstore (if given) and then in work.sasmacX. */
365  %macro _compiled_macro_exists(macro_name);
366  options nonotes;
367  %global _macro_found;
368  *-----try work.sasmacr first to see if the compiled macro is there-----*;
369  filename maclib catalog "work.sasmacr";
370  %_entry_exists(maclib,&macro_name.,macro);
371  filename maclib clear;
372  %if &_macro_found %then %goto done;
373  *-----try sasmacr referenced by sasmstore if it were specified-----*;
374  %let sasmstore_option = %sysfunc(getoption(sasmstore));
375  %if %sysfunc(getoption(mstored))=MSTORED and %length(&sasmstore_option) > 0 %then %do;
376  filename maclib catalog "&sasmstore_option..sasmacr";
377  %_entry_exists(maclib,&macro_name.,macro);
378  %end;
379  
380  %do i=1 %to 9;
381  %if &_macro_found %then %goto done;
382  filename maclib catalog "work.sasmac&i.";
383  %_entry_exists(maclib,&macro_name.,macro);
384  filename maclib clear;
385  %end;
386  
387  %done: options notes;
388  %mend _compiled_macro_exists;
389  
9                                                          The SAS System                       Thursday, March 12, 2026 07:02:00 PM

390  %macro studio_cas_start;
391  
392  %global _macro_found;
393  %global syscasinit;
394  
395  %let syscasinit=0;
396  
397  %_compiled_macro_exists(studio_cas_init);
398  
399  %if &_macro_found %then %do;
400  
401  %let syscasinit=1;
402  
403  %studio_cas_init;
404  
405  %end;
406  %mend studio_cas_start;
407  
408  %macro studio_hide_wrapper;
409      %global _studionotes;
410      %global _studiosource;
411      %global _studiostimer;
412  
413      %if &_studionotes = %then %do;
414          %let _studionotes=%sysfunc(getoption(notes));
415      %end;
416      options nonotes;
417  
418      %if &_studiosource = %then %do;
419          %let _studiosource=%sysfunc(getoption(source));
420      %end;
421      options nosource;
422  
423      %if &_studiostimer = %then %do;
424          %let _studiostimer=%sysfunc(getoption(stimer));
425      %end;
426      options nostimer;
427  %mend studio_hide_wrapper;
428  
429  %macro studio_show_wrapper;
430      %global _studionotes;
431      %global _studiosource;
432      %global _studiostimer;
433  
434      %if &_studionotes = %then %do;
435          %let _studionotes=%sysfunc(getoption(notes));
436      %end;
437      options notes;
438  
439      %if &_studiosource = %then %do;
440          %let _studiosource=%sysfunc(getoption(source));
441      %end;
442      options source;
443  
444      %if &_studiostimer = %then %do;
445          %let _studiostimer=%sysfunc(getoption(stimer));
446      %end;
447      options stimer;
10                                                         The SAS System                       Thursday, March 12, 2026 07:02:00 PM

448  %mend studio_show_wrapper;
449  
450  %macro studio_show_only_notes_wrapper;
451      %global _studionotes;
452      %global _studiosource;
453      %global _studiostimer;
454  
455      %if &_studionotes = %then %do;
456          %let _studionotes=%sysfunc(getoption(notes));
457      %end;
458      options notes;
459  
460      %if &_studiosource = %then %do;
461          %let _studiosource=%sysfunc(getoption(source));
462      %end;
463      options nosource;
464  
465      %if &_studiostimer = %then %do;
466          %let _studiostimer=%sysfunc(getoption(stimer));
467      %end;
468      options nostimer;
469  %mend studio_show_only_notes_wrapper;
470  
471  
472  %macro studio_restore_wrapper;
473      %global _studionotes;
474      %global _studiosource;
475      %global _studiostimer;
476  
477      options &_studionotes;
478      options &_studiosource;
479      options &_studiostimer;
480  
481      /* Clear out values so we know they have been restored */
482      %let _studionotes=;
483      %let _studiosource=;
484      %let _studiostimer=;
485  %mend studio_restore_wrapper;
486  
487  %macro studio_setup_locale(requestedLocale);
488      %let validlocale=%SYSFUNC(getpxlocale(&requestedlocale));
489      %let validlocale=%trim(&validlocale);
490  
491      %if %length(&validlocale) > 0 %then
492          %do;
493              options locale=&validlocale DFLANG=LOCALE;
494          %end;
495      %else
496          %do;
497              options locale=en_US DFLANG=LOCALE;
498          %end;
499  %mend;
500  
501  /* This macro initializes a base results path for a submission, and sets up a
502     macro variable to access it. */
503  %macro studio_results_directory;
504      %global _results_prefix_;
505      %let _results_prefix_=!COMPUTESERVER_TMP_PATH/results-&SYS_COMPUTE_JOB_ID;
11                                                         The SAS System                       Thursday, March 12, 2026 07:02:00 PM

506  %mend;
507  
508  /*
509  This macro initializes the filename and type for any custom output created.
510  */
511  %macro studio_initialize_custom_output;
512      %global _dataout_name _dataout_mime_type;
513      %let _dataout_name=;
514      %let _dataout_mime_type=;
515  %mend;
516  
517  /*
518  This macro captures the filename and type for any custom output created.
519  */
520  %macro studio_capture_custom_output;
521      %if "&_dataout_name" ne "" and "&_dataout_mime_type" ne "" %then
522          %do;
523              filename _datname "!COMPUTESERVER_TMP_PATH/results-&SYS_COMPUTE_JOB_ID..datname";
524              filename _dattype "!COMPUTESERVER_TMP_PATH/results-&SYS_COMPUTE_JOB_ID..dattype";
525  
526              data _null_;
527                  file _datname;
528                  put "&_dataout_name";
529              run;
530  
531              data _null_;
532                  file _dattype;
533                  put "&_dataout_mime_type";
534              run;
535          %end;
536  %mend;
537  
538  /*
539  This macro captures a log for a background job to the specified destination
540  alongside any HTML results.
541  */
542  %macro studio_capture_background_log;
543  
544      /*
545      Capture original value for syntaxcheck, and set it to nosyntaxcheck so we
546      can capture the log even if there are errors above
547      */
548      %let _studiosyntaxcheck=%sysfunc(getoption(syntaxcheck));
549      options nosyntaxcheck;
550  
551      /*
552      Get base URL for compute, and download the log to the _logout fileref.
553      */
554      %let _url_template=%sysget(SAS_URL_SERVICE_TEMPLATE);
555      %let _url_base=%sysfunc(tranwrd(&_url_template,@k8s.service.name@,sas-compute));
556      proc http
557          url="&_url_base./compute/sessions/&SYS_COMPUTE_SESSION_ID/jobs/&SYS_COMPUTE_JOB_ID/log"
558          oauth_bearer = sas_services
559          method='get'
560          out=_logout;
561      headers 'accept'='text/plain';
562      quit;
563  
12                                                         The SAS System                       Thursday, March 12, 2026 07:02:00 PM

564      /*
565      Restore the original value for syntaxcheck.
566      */
567      options &_studiosyntaxcheck;
568  %mend;
569  
570  /*
571  If wind up in a situation where syntaxcheck changes obs to 0, that also impacts
572  other data operations beyond just the submission. Reset this the best we can so
573  that we can behave reasonably after the submission.
574  */
575  %macro studio_error_recovery;
576      %let cobs=%sysfunc(getoption(obs));
577      %let creplace=%sysfunc(getoption(replace));
578      %if &syserr > 0 and "&cobs" eq "0" and "&creplace" eq "NOREPLACE" %then %do;
579          options obs=max replace;
580      %end;
581  %mend;
582  
583  DATA _NULL_;
584  	ID=SYMGET("SYSUSERID");
585  	CALL SYMPUT("SYSUSERNAME",ID);
586  	RC=TSLVL('UWUUSERN','N');
587  	_ERROR_=0;
588  	IF (RC^=' ') THEN DO;
589  		call execute("DATA _NULL_;NAME=USERNAME();CALL SYMPUT('SYSUSERNAME',NAME);RUN;");
590  	END;
591  RUN;

NOTE: DATA statement used (Total process time):
      real time           0.00 seconds
      cpu time            0.00 seconds
      

NOTE: CALL EXECUTE generated line.
1   + DATA _NULL_;NAME=USERNAME();CALL SYMPUT('SYSUSERNAME',NAME);RUN;

NOTE: DATA statement used (Total process time):
      real time           0.00 seconds
      cpu time            0.01 seconds
      

592  
593  OPTIONS TIMEZONE='GMT-06:00';
594  %studio_setup_locale(en-US);
595  OPTIONS VALIDVARNAME=ANY VALIDMEMNAME=EXTEND;
596  /* endregion: SAS session initialization */
597  
598  /* region: SAS Studio autoexec */
599  %let server=saspartner.snowflakecomputing.com;
600  %let user=PECHIN;
601  
602  
603  
604  
605  
606  
607  
13                                                         The SAS System                       Thursday, March 12, 2026 07:02:00 PM

608  
609  
610  
611  
612  
613  
614  
615  
616  
617  
618  
619  
620  
621  
622  
623  
624  
625  
626  
627  %let snowpwd={SAS001}cGVjaGlu;
628  
629  /* endregion: SAS Studio autoexec */
630  
631  /* region: Generated preamble */
632  /* Make sure the current directory is writable */
633  data _null_;
634      length rc 4;
635      %let tworkloc="%sysfunc(getoption(work))";
636      rc=dlgcdir(&tworkloc);
637  run;

NOTE: The current working directory is now 
      "/opt/sas/viya/config/var/tmp/compsrv/default/b0165598-0c43-433b-b1ec-a968f73744f2/SAS_work17CA000000DB_44basicprocfreqsas-0a5
      7cda5-13b6-40b5-82fe-384a71ee6d7b-lqrqk".
NOTE: DATA statement used (Total process time):
      real time           0.00 seconds
      cpu time            0.00 seconds
      

638  
639  /* Setup options */
640  title;
641  footnote;
642  options validvarname=any;
643  options validmemname=extend;
644  options dtreset date number;
645  options device=png;
646  
647  /* Setup macro variables */
648  %let syscc=0;
649  %let _clientapp = %nrquote(%nrstr(SAS Studio));
650  %let _clientappabbrev = %nrquote(%nrstr(Studio));
651  %let _clientappversion=2025.12;
652  %let _clientversion=;
653  %let _sasservername=&SYSHOSTNAME;
654  %let _sashostname=&SYSHOSTNAME;
655  %let _sasprogramfilehost=&SYSHOSTNAME;
656  %let _clientuserid = %nrquote(%nrstr(Vijay.Govindarajan@sas.com));
14                                                         The SAS System                       Thursday, March 12, 2026 01:02:23 PM

657  %let _clientusername = %nrquote(%nrstr(Vijay Govindarajan));
658  %let clientmachine = %nrquote(%nrstr());
659  %let _clientmachine = %nrquote(%nrstr());
660  %let _clientmode = %nrquote(%nrstr(viya));
661  %let sasworklocation="%sysfunc(getoption(work))/";
662  filename _cwd &sasworklocation;
663  data _null_;
664      call symput('_sasworkingdir',pathname('_cwd'));
665  run;

NOTE: DATA statement used (Total process time):
      real time           0.00 seconds
      cpu time            0.00 seconds
      

666  filename _cwd;
NOTE: Fileref _CWD has been deassigned.
667  %let _sasprogramfile =
667! %nrquote(%nrstr(/innovationlab-export/innovationlab/homes/Vijay.Govindarajan@sas.com/sasviya2525/LearnSAS9Programming/4.4.Basic
667! ProcFreq.sas));
668  %let _baseurl = %nrquote(%nrstr(https://innovationlab.demo.sas.com/SASStudio));
669  %let _execenv = %nrquote(%nrstr(SASStudio));
670  %symdel _dataout_mime_type _dataout_name _dataout_url _dataout_table / nowarn;
671  %let _sasws_ = %bquote(%sysfunc(getoption(work)));
672  %let _saswstemp_ = %bquote(%sysfunc(getoption(work)));
673  
674  /* Detect SAS/Graph and setup graph options */
675  data _null_;
676      length rc $255;
677      call symput("graphinit","");
678      call symput("graphterm","");
679      rc=tslvl('sasxgopt','n');
680      _error_=0;
681      if (rc^=' ') then do;
682          call symput("graphinit","goptions reset=all gsfname=_gsfname;");
683          call symput("graphterm","goptions noaccessible;");
684      end;
685  run;

NOTE: DATA statement used (Total process time):
      real time           0.00 seconds
      cpu time            0.00 seconds
      

686  data _null_;
687      length rc 4;
688      rc=sysprod("PRODNUM002");
689      if (rc^=1) then do;
690          call symput("graphinit","");
691          call symput("graphterm","");
692      end;
693  run;

NOTE: DATA statement used (Total process time):
      real time           0.00 seconds
      cpu time            0.00 seconds
      

15                                                         The SAS System                       Thursday, March 12, 2026 01:02:23 PM

694  
695  /* Setup ODS destinations */
696  ods _all_ close;
697  %studio_results_directory;
698  filename _htmlout
698! '/innovationlab-export/innovationlab/homes/Vijay.Govindarajan@sas.com/sasviya2525/LearnSAS9Programming/4.4.BasicProcFreq.html';
699  filename _gsfname temp;
700  filename _dataout "&_results_prefix_..dat";
701  ods autonavigate off;
702  ods graphics on;
703  ods html5 (id=web) METATEXT='http-equiv="Content-Security-Policy" content="default-src ''none''; style-src ''unsafe-inline'';
703! img-src data: ;"' device=png gpath="&_saswstemp_" path="&_saswstemp_" encoding=utf8 file=_htmlout
703! (title='Results:4.4.BasicProcFreq.sas') style=Light2025 options(bitmap_mode='inline' outline='on' svg_mode='inline'
703! css_prefix=".ods_&SYS_COMPUTE_JOB_ID" body_id="div_&SYS_COMPUTE_JOB_ID" );
NOTE: Writing HTML5(WEB) Body file: _HTMLOUT
704  &graphinit;
705  filename _logout
705! '/innovationlab-export/innovationlab/homes/Vijay.Govindarajan@sas.com/sasviya2525/LearnSAS9Programming/4.4.BasicProcFreq.log';
706  /* endregion */
707  
708  /* create the dataset */
709  filename hmeq url 'https://support.sas.com/documentation/onlinedoc/viya/exampledatasets/home_equity.csv';
710  
711  /* Create permanent sas library - sasdata */
712  *libname sasdata '/home/u63610950/IntroToSAS/SASData';
713  
714  data hmeq;
715  	infile hmeq lrecl=201 missover dlm=',' dsd firstobs=2;
716  	input BAD LOAN MORTDUE VALUE REASON $
717      JOB $
718      YOJ DEROG DELINQ CLAGE NINQ CLNO DEBTINC APPDATE CITY :$25. STATE :$20.
719  	DIVISION :$25. REGION :$15.;
720  	format appdate mmddyy9.;
721  run;

NOTE: The infile HMEQ is:
      Filename=https://support.sas.com/documentation/onlinedoc/viya/exampledatasets/home_equity.csv,
      Local Host Name=44basicprocfreqsas-0a57cda5-13b6-40b5-82fe-384a71ee6d7b-lqrqk,
      Local Host IP addr=10.244.5.175,
      Service Hostname Name=a104-94-123-196.deploy.static.akamaitechnologies.com,
      Service IP addr=104.94.123.196,
      Service Name=N/A,Service Portno=443,Lrecl=201,
      Recfm=Variable

NOTE: 5960 records were read from the infile HMEQ.
      The minimum record length was 58.
      The maximum record length was 138.
NOTE: The data set WORK.HMEQ has 5960 observations and 18 variables.
NOTE: DATA statement used (Total process time):
      real time           0.15 seconds
      cpu time            0.02 seconds
      

722  
723  /* sort by region and descending values of state */
724  proc sort data=hmeq out=hmeqSorted;
725  	by region descending state city;
726  run;
16                                                         The SAS System                       Thursday, March 12, 2026 01:02:23 PM


NOTE: There were 5960 observations read from the data set WORK.HMEQ.
NOTE: The data set WORK.HMEQSORTED has 5960 observations and 18 variables.
NOTE: PROCEDURE SORT used (Total process time):
      real time           0.00 seconds
      cpu time            0.00 seconds
      

727  
728  /* shows freq and cuml freq */
729  proc freq data=hmeqSorted;
730  	tables state;
731  run;

NOTE: There were 5960 observations read from the data set WORK.HMEQSORTED.
NOTE: PROCEDURE FREQ used (Total process time):
      real time           0.02 seconds
      cpu time            0.04 seconds
      

732  
733  /* write to output table */
734  proc freq data=hmeqSorted;
735  	tables state / out=hmeqStateFreq;
736  run;

NOTE: There were 5960 observations read from the data set WORK.HMEQSORTED.
NOTE: The data set WORK.HMEQSTATEFREQ has 51 observations and 3 variables.
NOTE: PROCEDURE FREQ used (Total process time):
      real time           0.02 seconds
      cpu time            0.02 seconds
      

737  
738  
739  /* cross tabulation */
740  proc freq data=hmeqSorted;
741  	tables state*BAD;
742  run;

NOTE: There were 5960 observations read from the data set WORK.HMEQSORTED.
NOTE: PROCEDURE FREQ used (Total process time):
      real time           0.10 seconds
      cpu time            0.11 seconds
      

743  
744  /* visualize */
745  proc freq data=hmeqSorted;
746  	tables state*BAD / plots=freqplot;
747  	where upcase(state)='ALABAMA';
748  run;

NOTE: There were 90 observations read from the data set WORK.HMEQSORTED.
      WHERE UPCASE(state)='ALABAMA';
NOTE: PROCEDURE FREQ used (Total process time):
      real time           1.82 seconds
      cpu time            0.06 seconds
17                                                         The SAS System                       Thursday, March 12, 2026 01:02:25 PM

      

749  
750  
751  /* cross tabulation - list format*/
752  /* much better in my opinion */
753  proc freq data=hmeqSorted;
754  	tables state*BAD / list;
755  run;

NOTE: There were 5960 observations read from the data set WORK.HMEQSORTED.
NOTE: PROCEDURE FREQ used (Total process time):
      real time           0.06 seconds
      cpu time            0.05 seconds
      

756  
757  /* use BY variable to produce a table for each group */
758  proc freq data=hmeqSorted;
759  	by city;
760  	where upcase(state)='ALABAMA';
761  	tables job*BAD/ list;
762  run;

NOTE: There were 90 observations read from the data set WORK.HMEQSORTED.
      WHERE UPCASE(state)='ALABAMA';
NOTE: PROCEDURE FREQ used (Total process time):
      real time           0.10 seconds
      cpu time            0.11 seconds
      

763  
764  
765  
766  /* cross tabulation - supress row and col percentages*/
767  /* this is not applicable to list format */
768  proc freq data=hmeqSorted;
769  	tables state*BAD / norow nocol;
770  run;

NOTE: There were 5960 observations read from the data set WORK.HMEQSORTED.
NOTE: PROCEDURE FREQ used (Total process time):
      real time           0.07 seconds
      cpu time            0.08 seconds
      

771  
772  
773  /* by default, missing values are not included in the tables output */
774  proc freq data=hmeqSorted;
775  	tables state*job/ list;
776  	where upcase(state)='ALABAMA';
777  run;

NOTE: There were 90 observations read from the data set WORK.HMEQSORTED.
      WHERE UPCASE(state)='ALABAMA';
NOTE: PROCEDURE FREQ used (Total process time):
      real time           0.01 seconds
18                                                         The SAS System                       Thursday, March 12, 2026 01:02:26 PM

      cpu time            0.01 seconds
      

778  
779  /* cross tabulation - include missing values in the freq stats */
780  proc freq data=hmeqSorted;
781  	tables state*job/ list missing;
782  	where upcase(state)='ALABAMA';
783  run;

NOTE: There were 90 observations read from the data set WORK.HMEQSORTED.
      WHERE UPCASE(state)='ALABAMA';
NOTE: PROCEDURE FREQ used (Total process time):
      real time           0.01 seconds
      cpu time            0.01 seconds
      

784  
785  /* region: Generated postamble */
786  /* Error recovery */
787  %studio_error_recovery;
788  /* Close ODS destinations */
789  &graphterm; ;*';*";*/;run;quit;
790  quit;run;
791  ods html5 (id=web) close;
792  %if %sysfunc(fileref(_gsfname)) lt 0 %then %do;
793      filename _gsfname clear;
NOTE: Fileref _GSFNAME has been deassigned.
794  %end;
795  %studio_capture_background_log;

